// Jest Snapshot v1, https://goo.gl/fbAQLP

exports[`TodoList should render 1`] = `
<ul
  className="list-group list-group-flush"
>
  <TodoListItem
    handleDelete={[MockFunction]}
    handleToggle={[MockFunction]}
    index={0}
    key="1"
    todo={
      Object {
        "done": false,
        "id": 1,
        "text": "Learn React",
      }
    }
  />
  <TodoListItem
    handleDelete={[MockFunction]}
    handleToggle={[MockFunction]}
    index={1}
    key="2"
    todo={
      Object {
        "done": false,
        "id": 2,
        "text": "Learn Redux",
      }
    }
  />
</ul>
`;
